
> globalgetwest@0.1.0 build
> next build

node.exe : ⚠ Warning: Next.js inferred your workspace root, but it may not be correct.
At line:1 char:1
+ & "C:\Program Files\nodejs/node.exe" "C:\Program Files\nodejs/node_mo ...
+ ~~~~~~~~~~~~~~~~~~~~~~~~~~~~~~~~~~~~~~~~~~~~~~~~~~~~~~~~~~~~~~~~~~~~~
    + CategoryInfo          : NotSpecified: (⚠ Warning: Next...not be correct.:String) [], RemoteException
    + FullyQualifiedErrorId : NativeCommandError
 
 We detected multiple lockfiles and selected the directory of C:\Users\HP\package-lock.json as the root directory.
 To silence this warning, set `turbopack.root` in your Next.js config, or consider removing one of the lockfiles if it's not needed.
   See https://nextjs.org/docs/app/api-reference/config/next-config-js/turbopack#root-directory for more information.
 Detected additional lockfiles: 
   * C:\Users\HP\globalgetwest-store\package-lock.json

▲ Next.js 16.2.10 (Turbopack)
- Environments: .env

⚠ The "middleware" file convention is deprecated. Please use "proxy" instead. Learn more: https://nextjs.org/docs/messages/middleware-to-proxy
  Creating an optimized production build ...
✓ Compiled successfully in 11.0s
  Running TypeScript ...
  Finished TypeScript in 9.0s ...
  Collecting page data using 7 workers ...
  Generating static pages using 7 workers (0/28) ...
  Generating static pages using 7 workers (7/28) 
  Generating static pages using 7 workers (14/28) 
  Generating static pages using 7 workers (21/28) 
Error: Functions cannot be passed directly to Client Components unless you explicitly expose it by marking it with "use server". Or maybe you meant to call this function rather than return it.
  {findUnique: function, findUniqueOrThrow: ..., findFirst: ..., findFirstOrThrow: ..., findMany: ..., create: ..., createMany: ..., createManyAndReturn: ..., update: ..., updateMany: ..., updateManyAndReturn: ..., upsert: ..., delete: ..., deleteMany: ..., groupBy: ..., count: ..., aggregate: ..., 
findRaw: ..., aggregateRaw: ..., fields: ..., name: ..., $name: ..., $parent: ...}
               ^^^^^^^^
    at h (C:\Users\HP\globalgetwest-store\.next\server\chunks\ssr\globalgetwest-store_015fgur._.js:8:10649)
✓ Generating static pages using 7 workers (28/28) in 5.0s
  Finalizing page optimization ...

Route (app)
┌ ○ /
├ ○ /_not-found
├ ƒ /account
├ ○ /admin
├ ○ /admin/analytics
├ ○ /admin/categories
├ ƒ /admin/categories/edit/[id]
├ ○ /admin/categories/new
├ ○ /admin/customers
├ ○ /admin/inventory
├ ○ /admin/orders
├ ƒ /admin/orders/[id]
├ ○ /admin/products
├ ○ /admin/products/edit
├ ƒ /admin/products/edit/[id]
├ ○ /admin/products/new
├ ○ /admin/settings
├ ƒ /api/cart
├ ƒ /api/categories
├ ƒ /api/checkout
├ ƒ /api/products
├ ƒ /api/upload
├ ƒ /api/webhooks/paystack
├ ○ /auth/login
├ ○ /auth/signup
├ ○ /cart
├ ○ /checkout
├ ƒ /checkout/callback
├ ƒ /product/[id]
└ ○ /search


ƒ Proxy (Middleware)

○  (Static)   prerendered as static content
ƒ  (Dynamic)  server-rendered on demand

